Archive member included because of file (symbol)

/Users/kevintownsend/Downloads/gcc-arm-none-eabi-4_8-2013q4/bin/../lib/gcc/arm-none-eabi/4.8.3/../../../../arm-none-eabi/lib/armv6-m/libm.a(lib_a-s_cos.o)
                              bin/obj/magnetometers.o (cos)
/Users/kevintownsend/Downloads/gcc-arm-none-eabi-4_8-2013q4/bin/../lib/gcc/arm-none-eabi/4.8.3/../../../../arm-none-eabi/lib/armv6-m/libm.a(lib_a-s_sin.o)
                              bin/obj/magnetometers.o (sin)
/Users/kevintownsend/Downloads/gcc-arm-none-eabi-4_8-2013q4/bin/../lib/gcc/arm-none-eabi/4.8.3/../../../../arm-none-eabi/lib/armv6-m/libm.a(lib_a-w_atan2.o)
                              bin/obj/accelerometers.o (atan2)
/Users/kevintownsend/Downloads/gcc-arm-none-eabi-4_8-2013q4/bin/../lib/gcc/arm-none-eabi/4.8.3/../../../../arm-none-eabi/lib/armv6-m/libm.a(lib_a-w_log10.o)
                              bin/obj/math_helper.o (log10)
/Users/kevintownsend/Downloads/gcc-arm-none-eabi-4_8-2013q4/bin/../lib/gcc/arm-none-eabi/4.8.3/../../../../arm-none-eabi/lib/armv6-m/libm.a(lib_a-w_pow.o)
                              bin/obj/pressure.o (pow)
/Users/kevintownsend/Downloads/gcc-arm-none-eabi-4_8-2013q4/bin/../lib/gcc/arm-none-eabi/4.8.3/../../../../arm-none-eabi/lib/armv6-m/libm.a(lib_a-w_sqrt.o)
                              bin/obj/accelerometers.o (sqrt)
/Users/kevintownsend/Downloads/gcc-arm-none-eabi-4_8-2013q4/bin/../lib/gcc/arm-none-eabi/4.8.3/../../../../arm-none-eabi/lib/armv6-m/libm.a(lib_a-e_atan2.o)
                              /Users/kevintownsend/Downloads/gcc-arm-none-eabi-4_8-2013q4/bin/../lib/gcc/arm-none-eabi/4.8.3/../../../../arm-none-eabi/lib/armv6-m/libm.a(lib_a-w_atan2.o) (__ieee754_atan2)
/Users/kevintownsend/Downloads/gcc-arm-none-eabi-4_8-2013q4/bin/../lib/gcc/arm-none-eabi/4.8.3/../../../../arm-none-eabi/lib/armv6-m/libm.a(lib_a-e_log10.o)
                              /Users/kevintownsend/Downloads/gcc-arm-none-eabi-4_8-2013q4/bin/../lib/gcc/arm-none-eabi/4.8.3/../../../../arm-none-eabi/lib/armv6-m/libm.a(lib_a-w_log10.o) (__ieee754_log10)
/Users/kevintownsend/Downloads/gcc-arm-none-eabi-4_8-2013q4/bin/../lib/gcc/arm-none-eabi/4.8.3/../../../../arm-none-eabi/lib/armv6-m/libm.a(lib_a-e_pow.o)
                              /Users/kevintownsend/Downloads/gcc-arm-none-eabi-4_8-2013q4/bin/../lib/gcc/arm-none-eabi/4.8.3/../../../../arm-none-eabi/lib/armv6-m/libm.a(lib_a-w_pow.o) (__ieee754_pow)
/Users/kevintownsend/Downloads/gcc-arm-none-eabi-4_8-2013q4/bin/../lib/gcc/arm-none-eabi/4.8.3/../../../../arm-none-eabi/lib/armv6-m/libm.a(lib_a-e_rem_pio2.o)
                              /Users/kevintownsend/Downloads/gcc-arm-none-eabi-4_8-2013q4/bin/../lib/gcc/arm-none-eabi/4.8.3/../../../../arm-none-eabi/lib/armv6-m/libm.a(lib_a-s_cos.o) (__ieee754_rem_pio2)
/Users/kevintownsend/Downloads/gcc-arm-none-eabi-4_8-2013q4/bin/../lib/gcc/arm-none-eabi/4.8.3/../../../../arm-none-eabi/lib/armv6-m/libm.a(lib_a-e_sqrt.o)
                              /Users/kevintownsend/Downloads/gcc-arm-none-eabi-4_8-2013q4/bin/../lib/gcc/arm-none-eabi/4.8.3/../../../../arm-none-eabi/lib/armv6-m/libm.a(lib_a-w_sqrt.o) (__ieee754_sqrt)
/Users/kevintownsend/Downloads/gcc-arm-none-eabi-4_8-2013q4/bin/../lib/gcc/arm-none-eabi/4.8.3/../../../../arm-none-eabi/lib/armv6-m/libm.a(lib_a-k_cos.o)
                              /Users/kevintownsend/Downloads/gcc-arm-none-eabi-4_8-2013q4/bin/../lib/gcc/arm-none-eabi/4.8.3/../../../../arm-none-eabi/lib/armv6-m/libm.a(lib_a-s_cos.o) (__kernel_cos)
/Users/kevintownsend/Downloads/gcc-arm-none-eabi-4_8-2013q4/bin/../lib/gcc/arm-none-eabi/4.8.3/../../../../arm-none-eabi/lib/armv6-m/libm.a(lib_a-k_rem_pio2.o)
                              /Users/kevintownsend/Downloads/gcc-arm-none-eabi-4_8-2013q4/bin/../lib/gcc/arm-none-eabi/4.8.3/../../../../arm-none-eabi/lib/armv6-m/libm.a(lib_a-e_rem_pio2.o) (__kernel_rem_pio2)
/Users/kevintownsend/Downloads/gcc-arm-none-eabi-4_8-2013q4/bin/../lib/gcc/arm-none-eabi/4.8.3/../../../../arm-none-eabi/lib/armv6-m/libm.a(lib_a-k_sin.o)
                              /Users/kevintownsend/Downloads/gcc-arm-none-eabi-4_8-2013q4/bin/../lib/gcc/arm-none-eabi/4.8.3/../../../../arm-none-eabi/lib/armv6-m/libm.a(lib_a-s_cos.o) (__kernel_sin)
/Users/kevintownsend/Downloads/gcc-arm-none-eabi-4_8-2013q4/bin/../lib/gcc/arm-none-eabi/4.8.3/../../../../arm-none-eabi/lib/armv6-m/libm.a(lib_a-s_atan.o)
                              /Users/kevintownsend/Downloads/gcc-arm-none-eabi-4_8-2013q4/bin/../lib/gcc/arm-none-eabi/4.8.3/../../../../arm-none-eabi/lib/armv6-m/libm.a(lib_a-e_atan2.o) (atan)
/Users/kevintownsend/Downloads/gcc-arm-none-eabi-4_8-2013q4/bin/../lib/gcc/arm-none-eabi/4.8.3/../../../../arm-none-eabi/lib/armv6-m/libm.a(lib_a-s_fabs.o)
                              /Users/kevintownsend/Downloads/gcc-arm-none-eabi-4_8-2013q4/bin/../lib/gcc/arm-none-eabi/4.8.3/../../../../arm-none-eabi/lib/armv6-m/libm.a(lib_a-e_atan2.o) (fabs)
[...]
Memory Configuration

Name             Origin             Length             Attributes
irom             0x0000000000000000 0x0000000000040000 xr
isram            0x0000000010000000 0x0000000000008000 xrw
isram2           0x0000000020000000 0x0000000000000800 xrw
isramUsb         0x0000000020004000 0x0000000000000800 xrw
*default*        0x0000000000000000 0xffffffffffffffff

Linker script and memory map

LOAD ./cmsis/libs/libarm_cortexM0l_math.a
LOAD ./cmsis/libs/libRTX_CM0.a
LOAD /Users/kevintownsend/Downloads/gcc-arm-none-eabi-4_8-2013q4/bin/../lib/gcc/arm-none-eabi/4.8.3/../../../../arm-none-eabi/lib/armv6-m/libm.a
LOAD bin/obj/startup_lpc11u_gnumake.o
LOAD bin/obj/system_LPC11Uxx.o
LOAD bin/obj/math_helper.o
LOAD bin/obj/RTX_hook.o
LOAD bin/obj/printf-retarget.o
LOAD bin/obj/board_lpcxpresso11u68.o
LOAD bin/obj/board_lpcxpresso1347.o
LOAD bin/obj/board_rf1ghzusb.o
LOAD bin/obj/board_rf1ghznode.o
LOAD bin/obj/cli.o
LOAD bin/obj/commands.o
LOAD bin/obj/cmd_chibi_addr.o
LOAD bin/obj/cmd_chibi_tx.o
LOAD bin/obj/cmd_dbg_memrd.o
LOAD bin/obj/cmd_eeprom_read.o
LOAD bin/obj/cmd_eeprom_write.o
LOAD bin/obj/cmd_i2c_read.o
LOAD bin/obj/cmd_i2c_scan.o
LOAD bin/obj/cmd_i2c_write.o
LOAD bin/obj/cmd_nfc_mfc_ndef.o
LOAD bin/obj/cmd_nfc_mifareclassic_memdump.o
LOAD bin/obj/cmd_nfc_mifareclassic_valueblock.o
LOAD bin/obj/cmd_nfc_mifareultralight_memdump.o
LOAD bin/obj/cmd_rtc_read.o
LOAD bin/obj/cmd_rtc_write.o
LOAD bin/obj/cmd_sd_dir.o
LOAD bin/obj/cmd_sysinfo.o
LOAD bin/obj/cmd_wifi.o
LOAD bin/obj/adc.o
LOAD bin/obj/delay.o
LOAD bin/obj/debug.o
LOAD bin/obj/eeprom.o
LOAD bin/obj/fifo.o
LOAD bin/obj/gpio.o
LOAD bin/obj/i2c.o
LOAD bin/obj/iap.o
LOAD bin/obj/stdio.o
LOAD bin/obj/string.o
LOAD bin/obj/pmu.o
LOAD bin/obj/spi_datalayer.o
LOAD bin/obj/ssp0.o
LOAD bin/obj/ssp0_slave.o
LOAD bin/obj/ssp1.o
LOAD bin/obj/ssp1_slave.o
LOAD bin/obj/timer16.o
LOAD bin/obj/timer32.o
LOAD bin/obj/uart.o
LOAD bin/obj/uart_buf.o
LOAD bin/obj/descriptors.o
LOAD bin/obj/usb_cdc.o
LOAD bin/obj/usb_custom_class.o
LOAD bin/obj/usb_hid.o
LOAD bin/obj/usb_msc.o
LOAD bin/obj/usbd.o
LOAD bin/obj/timespan.o
LOAD bin/obj/smallfonts.o
LOAD bin/obj/ssd1306_i2c.o
LOAD bin/obj/aafonts.o
LOAD bin/obj/colors.o
LOAD bin/obj/drawing.o
LOAD bin/obj/fonts.o
LOAD bin/obj/theme.o
LOAD bin/obj/DejaVuSansCondensed14_AA2.o
LOAD bin/obj/DejaVuSansCondensedBold14_AA2.o
LOAD bin/obj/DejaVuSansMono10_AA2.o
LOAD bin/obj/DejaVuSansMono13_AA2.o
LOAD bin/obj/DejaVuSansMono14_AA2.o
LOAD bin/obj/FontCalibri18_AA2.o
LOAD bin/obj/FontCalibriBold18_AA2.o
LOAD bin/obj/FontCalibriItalic18_AA2.o
LOAD bin/obj/FontFranklinGothicBold99_Numbers_AA2.o
LOAD bin/obj/FontCalibri18_AA4.o
LOAD bin/obj/FontRobotoHeavy18_AA4.o
LOAD bin/obj/FontRobotoLight14_AA4.o
LOAD bin/obj/FontRobotoLight18_AA4.o
LOAD bin/obj/dejavusans9.o
LOAD bin/obj/dejavusansbold9.o
LOAD bin/obj/dejavusanscondensed9.o
LOAD bin/obj/dejavusansmono8.o
LOAD bin/obj/dejavusansmonobold8.o
LOAD bin/obj/veramono9.o
LOAD bin/obj/veramono11.o
LOAD bin/obj/veramonobold9.o
LOAD bin/obj/veramonobold11.o
LOAD bin/obj/verdana9.o
LOAD bin/obj/verdana14.o
LOAD bin/obj/verdanabold14.o
LOAD bin/obj/ili9340.o
LOAD bin/obj/ht16k33.o
LOAD bin/obj/iir.o
LOAD bin/obj/iir_f.o
LOAD bin/obj/iir_i.o
LOAD bin/obj/iir_u16.o
LOAD bin/obj/sma_f.o
LOAD bin/obj/sma_i.o
LOAD bin/obj/sma_u16.o
LOAD bin/obj/wma_f.o
LOAD bin/obj/wma_i.o
LOAD bin/obj/wma_u16.o
LOAD bin/obj/stepper.o
LOAD bin/obj/pca9685.o
LOAD bin/obj/chb.o
LOAD bin/obj/chb_buf.o
LOAD bin/obj/chb_drvr.o
LOAD bin/obj/chb_eeprom.o
LOAD bin/obj/chb_spi.o
LOAD bin/obj/messages.o
LOAD bin/obj/pn532.o
LOAD bin/obj/pn532_bus_i2c.o
LOAD bin/obj/pn532_bus_uart.o
LOAD bin/obj/pn532_config.o
LOAD bin/obj/pn532_gpio.o
LOAD bin/obj/pn532_mifare_classic.o
LOAD bin/obj/pn532_mifare_ultralight.o
LOAD bin/obj/pn532_ndef.o
LOAD bin/obj/pn532_ndef_cards.o
LOAD bin/obj/spi.o
LOAD bin/obj/wifi.o
LOAD bin/obj/cc3000_common.o
LOAD bin/obj/evnt_handler.o
LOAD bin/obj/hci.o
LOAD bin/obj/netapp.o
LOAD bin/obj/nvmem.o
LOAD bin/obj/security.o
LOAD bin/obj/socket.o
LOAD bin/obj/wlan.o
LOAD bin/obj/bget.o
LOAD bin/obj/pn532_mem.o
LOAD bin/obj/rtc.o
LOAD bin/obj/pcf2129.o
LOAD bin/obj/sensors.o
LOAD bin/obj/sensorpoll.o
LOAD bin/obj/accelerometers.o
LOAD bin/obj/adxl345.o
LOAD bin/obj/lis3dh.o
LOAD bin/obj/lsm303accel.o
LOAD bin/obj/l3gd20.o
LOAD bin/obj/tsl2561.o
LOAD bin/obj/magnetometers.o
LOAD bin/obj/lsm303mag.o
LOAD bin/obj/pressure.o
LOAD bin/obj/bmp085.o
LOAD bin/obj/mpl115a2.o
LOAD bin/obj/lm75b.o
LOAD bin/obj/logger.o
LOAD bin/obj/ff.o
LOAD bin/obj/mmc.o
LOAD bin/obj/localisation.o
LOAD bin/obj/protocol.o
LOAD bin/obj/protocol_cmd_adc.o
LOAD bin/obj/protocol_cmd_eeprom.o
LOAD bin/obj/protocol_cmd_led.o
LOAD bin/obj/protocol_cmd_sensors.o
LOAD bin/obj/protocol_cmd_sysinfo.o
LOAD ./cmsis/libs/libarm_cortexM0l_math.a
LOAD ./cmsis/libs/libRTX_CM0.a
LOAD /Users/kevintownsend/Downloads/gcc-arm-none-eabi-4_8-2013q4/bin/../lib/gcc/arm-none-eabi/4.8.3/../../../../arm-none-eabi/lib/armv6-m/libm.a
START GROUP
LOAD /Users/kevintownsend/Downloads/gcc-arm-none-eabi-4_8-2013q4/bin/../lib/gcc/arm-none-eabi/4.8.3/armv6-m/libgcc.a
LOAD /Users/kevintownsend/Downloads/gcc-arm-none-eabi-4_8-2013q4/bin/../lib/gcc/arm-none-eabi/4.8.3/../../../../arm-none-eabi/lib/armv6-m/libc.a
END GROUP
                0x0000000010008000                __StackTop = (ORIGIN (isram) + 0x8000)

.text           0x0000000000000000     0x4e50
                0x0000000000000000                __text_start = .
 FILL mask 0xff
 *(.isr_vector_table)
 .isr_vector_table
                0x0000000000000000       0xc0 bin/obj/startup_lpc11u_gnumake.o
                0x0000000000000000                Vectors
 *(.after_vectors*)
 .after_vectors
                0x00000000000000c0       0x58 bin/obj/startup_lpc11u_gnumake.o
                0x00000000000000c0                NMI_Handler
                0x00000000000000c2                HardFault_Handler
                0x00000000000000c4                SVC_Handler
                0x00000000000000c6                PendSV_Handler
                0x00000000000000c8                SysTick_Handler
                0x00000000000000ca                FLEX_INT0_IRQHandler
                0x00000000000000ca                FLEX_INT2_IRQHandler
                0x00000000000000ca                USB_FIQHandler
                0x00000000000000ca                FLEX_INT5_IRQHandler
                0x00000000000000ca                ADC_IRQHandler
                0x00000000000000ca                FLEX_INT3_IRQHandler
                0x00000000000000ca                BOD_IRQHandler
                0x00000000000000ca                WDT_IRQHandler
                0x00000000000000ca                GINT0_IRQHandler
                0x00000000000000ca                FLEX_INT4_IRQHandler
                0x00000000000000ca                FLEX_INT6_IRQHandler
                0x00000000000000ca                FMC_IRQHandler
                0x00000000000000ca                GINT1_IRQHandler
                0x00000000000000ca                FLEX_INT7_IRQHandler
                0x00000000000000ca                FLEX_INT1_IRQHandler
                0x00000000000000ca                IntDefaultHandler
                0x00000000000000ca                USBWakeup_IRQHandler
                0x00000000000000cc                Reset_Handler
 *(.text*)
 .text.SystemCoreClockUpdate
                0x0000000000000118       0x9c bin/obj/system_LPC11Uxx.o
                0x0000000000000118                SystemCoreClockUpdate
 .text.SystemInit
                0x00000000000001b4       0xd8 bin/obj/system_LPC11Uxx.o
                0x00000000000001b4                SystemInit
 .text.boardInit
                0x000000000000028c       0x58 bin/obj/board_lpcxpresso11u68.o
                0x000000000000028c                boardInit
 .text.boardLED
                0x00000000000002e4       0x14 bin/obj/board_lpcxpresso11u68.o
                0x00000000000002e4                boardLED
 .text.startup.main
                0x00000000000002f8       0x24 bin/obj/board_lpcxpresso11u68.o
                0x00000000000002f8                main
 .text.adcInit  0x000000000000031c       0x44 bin/obj/adc.o
                0x000000000000031c                adcInit
 .text.adcRead  0x0000000000000360       0x48 bin/obj/adc.o
                0x0000000000000360                adcRead
 .text.TIMER16_0_IRQHandler
                0x00000000000003a8       0x2c bin/obj/delay.o
                0x00000000000003a8                TIMER16_0_IRQHandler
 .text.delayInit
                0x00000000000003d4       0x6c bin/obj/delay.o
                0x00000000000003d4                delayInit
 .text.delay    0x0000000000000440       0x30 bin/obj/delay.o
                0x0000000000000440                delay
 .text.delayGetTicks
                0x0000000000000470        0xc bin/obj/delay.o
                0x0000000000000470                delayGetTicks
 .text.delayGetSecondsActive
                0x000000000000047c       0x28 bin/obj/delay.o
                0x000000000000047c                delayGetSecondsActive
 .text.writeEEPROM
                0x00000000000004a4       0x3c bin/obj/eeprom.o
                0x00000000000004a4                writeEEPROM
 .text.readEEPROM
                0x00000000000004e0       0x3c bin/obj/eeprom.o
                0x00000000000004e0                readEEPROM
 .text.fifo_read
                0x000000000000051c       0x88 bin/obj/fifo.o
                0x000000000000051c                fifo_read
 .text.fifo_readArray
                0x00000000000005a4       0x28 bin/obj/fifo.o
                0x00000000000005a4                fifo_readArray
 .text.fifo_write
                0x00000000000005cc       0x9c bin/obj/fifo.o
                0x00000000000005cc                fifo_write
 .text.fifo_clear
                0x0000000000000668       0x3c bin/obj/fifo.o
                0x0000000000000668                fifo_clear
 .text.GPIOInit
                0x00000000000006a4       0x1c bin/obj/gpio.o
                0x00000000000006a4                GPIOInit
 .text.I2C_IRQHandler
                0x00000000000006c0      0x168 bin/obj/i2c.o
                0x00000000000006c0                I2C_IRQHandler
 .text.i2cInit  0x0000000000000828       0x98 bin/obj/i2c.o
                0x0000000000000828                i2cInit
 .text.i2cEngine
                0x00000000000008c0       0x68 bin/obj/i2c.o
                0x00000000000008c0                i2cEngine
 .text.i2cCheckAddress
                0x0000000000000928       0x3c bin/obj/i2c.o
                0x0000000000000928                i2cCheckAddress
 .text.iapReadUID
                0x0000000000000964       0x40 bin/obj/iap.o
                0x0000000000000964                iapReadUID
 .text.PutString
                0x00000000000009a4       0x2e bin/obj/stdio.o
                0x00000000000009a4                PutString
 .text.PutUnsignedInt
                0x00000000000009d2       0x4c bin/obj/stdio.o
                0x00000000000009d2                PutUnsignedInt
 .text.PutSignedInt
                0x0000000000000a1e       0x72 bin/obj/stdio.o
                0x0000000000000a1e                PutSignedInt
 .text.PutHexa  0x0000000000000a90       0x48 bin/obj/stdio.o
                0x0000000000000a90                PutHexa
 .text.PutFloat
                0x0000000000000ad8       0x98 bin/obj/stdio.o
                0x0000000000000ad8                PutFloat
 .text.PutFloatE
                0x0000000000000b70      0x138 bin/obj/stdio.o
                0x0000000000000b70                PutFloatE
 .text.PutFloatEE
                0x0000000000000ca8      0x130 bin/obj/stdio.o
                0x0000000000000ca8                PutFloatEE
 .text.vsnprintf
                0x0000000000000dd8      0x18a bin/obj/stdio.o
                0x0000000000000dd8                vsnprintf
 .text.vsprintf
                0x0000000000000f62       0x10 bin/obj/stdio.o
                0x0000000000000f62                vsprintf
 .text.sprintf  0x0000000000000f72       0x18 bin/obj/stdio.o
                0x0000000000000f72                sprintf
 .text.memcpy   0x0000000000000f8a       0x44 bin/obj/string.o
                0x0000000000000f8a                memcpy
 .text.memset   0x0000000000000fce       0x46 bin/obj/string.o
                0x0000000000000fce                memset
 .text.strlen   0x0000000000001014       0x12 bin/obj/string.o
                0x0000000000001014                strlen
 *fill*         0x0000000000001026        0x2 
 .text.spi_DL_slave_state_machine
                0x0000000000001028      0x1ac bin/obj/spi_datalayer.o
                0x0000000000001028                spi_DL_slave_state_machine
 .text.SSP0_IRQHandler
                0x00000000000011d4       0x20 bin/obj/ssp0_slave.o
                0x00000000000011d4                SSP0_IRQHandler
 .text.SSP1_IRQHandler
                0x00000000000011f4       0x60 bin/obj/ssp1_slave.o
                0x00000000000011f4                SSP1_IRQHandler
 .text.TIMER32_0_IRQHandler
                0x0000000000001254       0x68 bin/obj/timer32.o
                0x0000000000001254                TIMER32_0_IRQHandler
 .text.TIMER32_1_IRQHandler
                0x00000000000012bc       0x68 bin/obj/timer32.o
                0x00000000000012bc                TIMER32_1_IRQHandler
 .text.UART_IRQHandler
                0x0000000000001324       0x64 bin/obj/uart.o
                0x0000000000001324                UART_IRQHandler
 .text.uartGetPCB
                0x0000000000001388        0x8 bin/obj/uart.o
                0x0000000000001388                uartGetPCB
 .text.uartRxBufferWrite
                0x0000000000001390       0x2c bin/obj/uart_buf.o
                0x0000000000001390                uartRxBufferWrite
 .text.CDC_SendBreak
                0x00000000000013bc        0x4 bin/obj/usb_cdc.o
                0x00000000000013bc                CDC_SendBreak
 .text.CDC_SetLineCoding
                0x00000000000013c0       0x1c bin/obj/usb_cdc.o
                0x00000000000013c0                CDC_SetLineCoding
 .text.CDC_BulkIn_Hdlr
                0x00000000000013dc       0x40 bin/obj/usb_cdc.o
                0x00000000000013dc                CDC_BulkIn_Hdlr
 .text.usb_cdc_recv_isr_default
                0x000000000000141c        0x2 bin/obj/usb_cdc.o
                0x000000000000141c                usb_cdc_recv_isr_default
                0x000000000000141c                usb_cdc_recv_isr
 *fill*         0x000000000000141e        0x2 
 .text.CDC_BulkOut_Hdlr
                0x0000000000001420       0x4c bin/obj/usb_cdc.o
                0x0000000000001420                CDC_BulkOut_Hdlr
 .text.usb_cdc_init
                0x000000000000146c       0xbc bin/obj/usb_cdc.o
                0x000000000000146c                usb_cdc_init
 .text.usb_cdc_configured
                0x0000000000001528       0x40 bin/obj/usb_cdc.o
                0x0000000000001528                usb_cdc_configured
 .text.HID_EpIn_Hdlr
                0x0000000000001568       0x68 bin/obj/usb_hid.o
                0x0000000000001568                HID_EpIn_Hdlr
 .text.HID_GetReport
                0x00000000000015d0       0x5c bin/obj/usb_hid.o
                0x00000000000015d0                HID_GetReport
 .text.HID_SetReport
                0x000000000000162c       0x34 bin/obj/usb_hid.o
                0x000000000000162c                HID_SetReport
 .text.HID_EpOut_Hdlr
                0x0000000000001660       0x38 bin/obj/usb_hid.o
                0x0000000000001660                HID_EpOut_Hdlr
 .text.usb_hid_init
                0x0000000000001698       0x90 bin/obj/usb_hid.o
                0x0000000000001698                usb_hid_init
 .text.usb_hid_configured
                0x0000000000001728       0x20 bin/obj/usb_hid.o
                0x0000000000001728                usb_hid_configured
 .text.usb_hid_generic_send
                0x0000000000001748       0x58 bin/obj/usb_hid.o
                0x0000000000001748                usb_hid_generic_send
 .text.USB_Reset_Event
                0x00000000000017a0        0xc bin/obj/usbd.o
                0x00000000000017a0                USB_Reset_Event
 .text.USB_Configure_Event
                0x00000000000017ac       0x30 bin/obj/usbd.o
                0x00000000000017ac                USB_Configure_Event
 .text.usb_init
                0x00000000000017dc      0x1ac bin/obj/usbd.o
                0x00000000000017dc                usb_init
 .text.USB_IRQHandler
                0x0000000000001988       0x1c bin/obj/usbd.o
                0x0000000000001988                USB_IRQHandler
 .text.sensorsSerializeSensorsEvent
                0x00000000000019a4       0x52 bin/obj/sensors.o
                0x00000000000019a4                sensorsSerializeSensorsEvent
 *fill*         0x00000000000019f6        0x2 
 .text.TIMER16_1_IRQHandler
                0x00000000000019f8       0x24 bin/obj/sensorpoll.o
                0x00000000000019f8                TIMER16_1_IRQHandler
 .text.lsm303accelWrite8
                0x0000000000001a1c       0x48 bin/obj/lsm303accel.o
                0x0000000000001a1c                lsm303accelWrite8
 .text.lsm303accelRead48
                0x0000000000001a64       0x74 bin/obj/lsm303accel.o
                0x0000000000001a64                lsm303accelRead48
 .text.lsm303accelInit
                0x0000000000001ad8       0x34 bin/obj/lsm303accel.o
                0x0000000000001ad8                lsm303accelInit
 .text.lsm303accelRead
                0x0000000000001b0c       0x74 bin/obj/lsm303accel.o
                0x0000000000001b0c                lsm303accelRead
 .text.lsm303accelGetSensorEvent
                0x0000000000001b80       0x68 bin/obj/lsm303accel.o
                0x0000000000001b80                lsm303accelGetSensorEvent
 .text.lsm303magWrite8
                0x0000000000001be8       0x48 bin/obj/lsm303mag.o
                0x0000000000001be8                lsm303magWrite8
 .text.lsm303magRead48
                0x0000000000001c30       0x74 bin/obj/lsm303mag.o
                0x0000000000001c30                lsm303magRead48
 .text.lsm303magSetGain
                0x0000000000001ca4       0xdc bin/obj/lsm303mag.o
                0x0000000000001ca4                lsm303magSetGain
 .text.lsm303magInit
                0x0000000000001d80       0x40 bin/obj/lsm303mag.o
                0x0000000000001d80                lsm303magInit
 .text.lsm303magRead
                0x0000000000001dc0       0x70 bin/obj/lsm303mag.o
                0x0000000000001dc0                lsm303magRead
 .text.lsm303magGetSensorEvent
                0x0000000000001e30       0x74 bin/obj/lsm303mag.o
                0x0000000000001e30                lsm303magGetSensorEvent
 .text.usb_hid_generic_recv_isr
                0x0000000000001ea4       0x18 bin/obj/protocol.o
                0x0000000000001ea4                usb_hid_generic_recv_isr
 .text.prot_init
                0x0000000000001ebc       0x10 bin/obj/protocol.o
                0x0000000000001ebc                prot_init
 .text.prot_exec
                0x0000000000001ecc       0xcc bin/obj/protocol.o
                0x0000000000001ecc                prot_exec
 .text.protcmd_adc
                0x0000000000001f98       0x28 bin/obj/protocol_cmd_adc.o
                0x0000000000001f98                protcmd_adc
 .text.protcmd_eeprom_read
                0x0000000000001fc0       0x40 bin/obj/protocol_cmd_eeprom.o
                0x0000000000001fc0                protcmd_eeprom_read
 .text.protcmd_eeprom_write
                0x0000000000002000       0x38 bin/obj/protocol_cmd_eeprom.o
                0x0000000000002000                protcmd_eeprom_write
 .text.protcmd_led
                0x0000000000002038       0x1a bin/obj/protocol_cmd_led.o
                0x0000000000002038                protcmd_led
 *fill*         0x0000000000002052        0x2 
 .text.protcmd_sensors_getevent
                0x0000000000002054       0xc8 bin/obj/protocol_cmd_sensors.o
                0x0000000000002054                protcmd_sensors_getevent
 .text.protcmd_sysinfo
                0x000000000000211c       0xa0 bin/obj/protocol_cmd_sysinfo.o
                0x000000000000211c                protcmd_sysinfo
 .text          0x00000000000021bc       0x14 /Users/kevintownsend/Downloads/gcc-arm-none-eabi-4_8-2013q4/bin/../lib/gcc/arm-none-eabi/4.8.3/armv6-m/libgcc.a(_thumb1_case_uqi.o)
                0x00000000000021bc                __gnu_thumb1_case_uqi
 .text          0x00000000000021d0       0x9c /Users/kevintownsend/Downloads/gcc-arm-none-eabi-4_8-2013q4/bin/../lib/gcc/arm-none-eabi/4.8.3/armv6-m/libgcc.a(_udivsi3.o)
                0x00000000000021d0                __udivsi3
                0x00000000000021d0                __aeabi_uidiv
                0x0000000000002258                __aeabi_uidivmod
 .text          0x000000000000226c       0xc0 /Users/kevintownsend/Downloads/gcc-arm-none-eabi-4_8-2013q4/bin/../lib/gcc/arm-none-eabi/4.8.3/armv6-m/libgcc.a(_divsi3.o)
                0x000000000000226c                __aeabi_idiv
                0x000000000000226c                __divsi3
                0x0000000000002318                __aeabi_idivmod
 .text          0x000000000000232c        0x4 /Users/kevintownsend/Downloads/gcc-arm-none-eabi-4_8-2013q4/bin/../lib/gcc/arm-none-eabi/4.8.3/armv6-m/libgcc.a(_dvmd_tls.o)
                0x000000000000232c                __aeabi_ldiv0
                0x000000000000232c                __aeabi_idiv0
 .text          0x0000000000002330       0x7c /Users/kevintownsend/Downloads/gcc-arm-none-eabi-4_8-2013q4/bin/../lib/gcc/arm-none-eabi/4.8.3/armv6-m/libgcc.a(_arm_cmpdf2.o)
                0x0000000000002330                __aeabi_cdrcmple
                0x0000000000002340                __aeabi_cdcmple
                0x0000000000002340                __aeabi_cdcmpeq
                0x0000000000002350                __aeabi_dcmpeq
                0x000000000000235c                __aeabi_dcmplt
                0x0000000000002370                __aeabi_dcmple
                0x0000000000002384                __aeabi_dcmpgt
                0x0000000000002398                __aeabi_dcmpge
 .text          0x00000000000023ac      0x24c /Users/kevintownsend/Downloads/gcc-arm-none-eabi-4_8-2013q4/bin/../lib/gcc/arm-none-eabi/4.8.3/armv6-m/libgcc.a(divsf3.o)
                0x00000000000023ac                __aeabi_fdiv
 .text          0x00000000000025f8      0x258 /Users/kevintownsend/Downloads/gcc-arm-none-eabi-4_8-2013q4/bin/../lib/gcc/arm-none-eabi/4.8.3/armv6-m/libgcc.a(mulsf3.o)
                0x00000000000025f8                __aeabi_fmul
 .text          0x0000000000002850       0xb8 /Users/kevintownsend/Downloads/gcc-arm-none-eabi-4_8-2013q4/bin/../lib/gcc/arm-none-eabi/4.8.3/armv6-m/libgcc.a(floatsisf.o)
                0x0000000000002850                __aeabi_i2f
 .text          0x0000000000002908      0x648 /Users/kevintownsend/Downloads/gcc-arm-none-eabi-4_8-2013q4/bin/../lib/gcc/arm-none-eabi/4.8.3/armv6-m/libgcc.a(adddf3.o)
                0x0000000000002908                __aeabi_dadd
 .text          0x0000000000002f50      0x650 /Users/kevintownsend/Downloads/gcc-arm-none-eabi-4_8-2013q4/bin/../lib/gcc/arm-none-eabi/4.8.3/armv6-m/libgcc.a(divdf3.o)
                0x0000000000002f50                __aeabi_ddiv
 .text          0x00000000000035a0       0x94 /Users/kevintownsend/Downloads/gcc-arm-none-eabi-4_8-2013q4/bin/../lib/gcc/arm-none-eabi/4.8.3/armv6-m/libgcc.a(eqdf2.o)
                0x00000000000035a0                __eqdf2
                0x00000000000035a0                __nedf2
 .text          0x0000000000003634       0xf4 /Users/kevintownsend/Downloads/gcc-arm-none-eabi-4_8-2013q4/bin/../lib/gcc/arm-none-eabi/4.8.3/armv6-m/libgcc.a(gedf2.o)
                0x0000000000003634                __gtdf2
                0x0000000000003634                __gedf2
 .text          0x0000000000003728      0x108 /Users/kevintownsend/Downloads/gcc-arm-none-eabi-4_8-2013q4/bin/../lib/gcc/arm-none-eabi/4.8.3/armv6-m/libgcc.a(ledf2.o)
                0x0000000000003728                __ltdf2
                0x0000000000003728                __ledf2
 .text          0x0000000000003830      0x524 /Users/kevintownsend/Downloads/gcc-arm-none-eabi-4_8-2013q4/bin/../lib/gcc/arm-none-eabi/4.8.3/armv6-m/libgcc.a(muldf3.o)
                0x0000000000003830                __aeabi_dmul
 .text          0x0000000000003d54      0x66c /Users/kevintownsend/Downloads/gcc-arm-none-eabi-4_8-2013q4/bin/../lib/gcc/arm-none-eabi/4.8.3/armv6-m/libgcc.a(subdf3.o)
                0x0000000000003d54                __aeabi_dsub
 .text          0x00000000000043c0       0x68 /Users/kevintownsend/Downloads/gcc-arm-none-eabi-4_8-2013q4/bin/../lib/gcc/arm-none-eabi/4.8.3/armv6-m/libgcc.a(fixdfsi.o)
                0x00000000000043c0                __aeabi_d2iz
 .text          0x0000000000004428       0x7c /Users/kevintownsend/Downloads/gcc-arm-none-eabi-4_8-2013q4/bin/../lib/gcc/arm-none-eabi/4.8.3/armv6-m/libgcc.a(floatsidf.o)
                0x0000000000004428                __aeabi_i2d
 .text          0x00000000000044a4       0x3c /Users/kevintownsend/Downloads/gcc-arm-none-eabi-4_8-2013q4/bin/../lib/gcc/arm-none-eabi/4.8.3/armv6-m/libgcc.a(_clzsi2.o)
                0x00000000000044a4                __clzsi2
 .text          0x00000000000044e0      0x3b0 /Users/kevintownsend/Downloads/gcc-arm-none-eabi-4_8-2013q4/bin/../lib/gcc/arm-none-eabi/4.8.3/armv6-m/libgcc.a(_divdi3.o)
                0x00000000000044e0                __divdi3
 .text          0x0000000000004890      0x380 /Users/kevintownsend/Downloads/gcc-arm-none-eabi-4_8-2013q4/bin/../lib/gcc/arm-none-eabi/4.8.3/armv6-m/libgcc.a(_udivdi3.o)
                0x0000000000004890                __udivdi3
 *(.rodata .rodata.*)
 .rodata.CSWTCH.9
                0x0000000000004c10       0x3c bin/obj/system_LPC11Uxx.o
 .rodata.HID_GenericReportDescriptor
                0x0000000000004c4c       0x20 bin/obj/descriptors.o
                0x0000000000004c4c                HID_GenericReportDescriptor
 .rodata.USB_FsConfigDescriptor
                0x0000000000004c6c       0x68 bin/obj/descriptors.o
                0x0000000000004c6c                USB_FsConfigDescriptor
 .rodata.USB_DeviceDescriptor
                0x0000000000004cd4       0x14 bin/obj/descriptors.o
                0x0000000000004cd4                USB_DeviceDescriptor
 .rodata        0x0000000000004ce8       0x14 bin/obj/usbd.o
 .rodata.str1.1
                0x0000000000004cfc       0x35 bin/obj/usbd.o
 *fill*         0x0000000000004d31        0x3 
 .rodata.protocol_cmd_tbl
                0x0000000000004d34       0x1c bin/obj/protocol.o
 .rodata        0x0000000000004d50       0x40 /Users/kevintownsend/Downloads/gcc-arm-none-eabi-4_8-2013q4/bin/../lib/gcc/arm-none-eabi/4.8.3/armv6-m/libgcc.a(divsf3.o)
 .rodata        0x0000000000004d90       0x40 /Users/kevintownsend/Downloads/gcc-arm-none-eabi-4_8-2013q4/bin/../lib/gcc/arm-none-eabi/4.8.3/armv6-m/libgcc.a(mulsf3.o)
 .rodata        0x0000000000004dd0       0x40 /Users/kevintownsend/Downloads/gcc-arm-none-eabi-4_8-2013q4/bin/../lib/gcc/arm-none-eabi/4.8.3/armv6-m/libgcc.a(divdf3.o)
 .rodata        0x0000000000004e10       0x40 /Users/kevintownsend/Downloads/gcc-arm-none-eabi-4_8-2013q4/bin/../lib/gcc/arm-none-eabi/4.8.3/armv6-m/libgcc.a(muldf3.o)
                0x0000000000004e50                . = ALIGN (0x4)
                0x0000000000004e50                __text_end = .

.glue_7         0x0000000000004e50        0x0
 .glue_7        0x0000000000000000        0x0 linker stubs

.glue_7t        0x0000000000004e50        0x0
 .glue_7t       0x0000000000000000        0x0 linker stubs

.vfp11_veneer   0x0000000000004e50        0x0
 .vfp11_veneer  0x0000000000000000        0x0 linker stubs

.v4_bx          0x0000000000004e50        0x0
 .v4_bx         0x0000000000000000        0x0 linker stubs

.iplt           0x0000000000004e50        0x0
 .iplt          0x0000000000000000        0x0 bin/obj/startup_lpc11u_gnumake.o

.ARM.extab      0x0000000000004e50        0x0
 *(.ARM.extab* .gnu.linkonce.armextab.*)
 .ARM.extab     0x0000000000004e50        0x0 /Users/kevintownsend/Downloads/gcc-arm-none-eabi-4_8-2013q4/bin/../lib/gcc/arm-none-eabi/4.8.3/armv6-m/libgcc.a(_divdi3.o)
 .ARM.extab     0x0000000000004e50        0x0 /Users/kevintownsend/Downloads/gcc-arm-none-eabi-4_8-2013q4/bin/../lib/gcc/arm-none-eabi/4.8.3/armv6-m/libgcc.a(_udivdi3.o)
                0x0000000000004e50                __exidx_start = .

.ARM.exidx      0x0000000000004e50        0x8
 *(.ARM.exidx* .gnu.linkonce.armexidx.*)
 .ARM.exidx     0x0000000000004e50        0x8 /Users/kevintownsend/Downloads/gcc-arm-none-eabi-4_8-2013q4/bin/../lib/gcc/arm-none-eabi/4.8.3/armv6-m/libgcc.a(_divdi3.o)
 .ARM.exidx     0x0000000000004e58        0x0 /Users/kevintownsend/Downloads/gcc-arm-none-eabi-4_8-2013q4/bin/../lib/gcc/arm-none-eabi/4.8.3/armv6-m/libgcc.a(_udivdi3.o)
                                          0x8 (size before relaxing)
                0x0000000000004e58                __exidx_end = .

.rel.dyn        0x0000000000004e58        0x0
 .rel.iplt      0x0000000000000000        0x0 bin/obj/startup_lpc11u_gnumake.o

.buff_ram       0x0000000020000000        0x0
 FILL mask 0xff
 *(BUFF_RAM)

.usb_ram        0x0000000020004000        0x0
 FILL mask 0xff
 *(USB_RAM)

.bss            0x0000000010000100      0x454
                0x0000000010000100                __bss_start = .
 *(.bss*)
 .bss.delayRollovers
                0x0000000010000100        0x4 bin/obj/delay.o
                0x0000000010000100                delayRollovers
 .bss.delayTicks
                0x0000000010000104        0x4 bin/obj/delay.o
                0x0000000010000104                delayTicks
 .bss.I2CMasterState
                0x0000000010000108        0x4 bin/obj/i2c.o
                0x0000000010000108                I2CMasterState
 .bss.I2CSlaveState
                0x000000001000010c        0x4 bin/obj/i2c.o
                0x000000001000010c                I2CSlaveState
 .bss.spi_DL_slave_rx_buffer_len
                0x0000000010000110        0x4 bin/obj/spi_datalayer.o
 .bss.spi_DL_slave_status
                0x0000000010000114        0x5 bin/obj/spi_datalayer.o
 .bss.packet_error
                0x0000000010000119        0x1 bin/obj/spi_datalayer.o
 .bss.databuffer_index
                0x000000001000011a        0x1 bin/obj/spi_datalayer.o
 .bss.spi_DL_slave_transferstate
                0x000000001000011b        0x1 bin/obj/spi_datalayer.o
 .bss.spi_DL_slave_tx_buffer
                0x000000001000011c       0x40 bin/obj/spi_datalayer.o
 .bss.spi_DL_slave_rx_buffer
                0x000000001000015c       0x40 bin/obj/spi_datalayer.o
 .bss.packet_datalen
                0x000000001000019c        0x1 bin/obj/spi_datalayer.o
 .bss.packet_checksum
                0x000000001000019d        0x1 bin/obj/spi_datalayer.o
 .bss.spi_DL_cmd
                0x000000001000019e        0x1 bin/obj/spi_datalayer.o
 *fill*         0x000000001000019f        0x1 
 .bss.databuffer
                0x00000000100001a0        0x4 bin/obj/spi_datalayer.o
 .bss.ignore_packet
                0x00000000100001a4        0x1 bin/obj/spi_datalayer.o
 *fill*         0x00000000100001a5        0x3 
 .bss.ssp1_recv_callback
                0x00000000100001a8        0x4 bin/obj/ssp1_slave.o
 .bss.ssp1_recv_buff
                0x00000000100001ac        0x4 bin/obj/ssp1_slave.o
 .bss.ssp1_recv_remainlen
                0x00000000100001b0        0x4 bin/obj/ssp1_slave.o
 .bss.uart_pcb  0x00000000100001b4      0x114 bin/obj/uart.o
 .bss.isConnected
                0x00000000100002c8        0x1 bin/obj/usb_cdc.o
 .bss.line_coding
                0x00000000100002c9        0x7 bin/obj/usb_cdc.o
 .bss.g_hCdc    0x00000000100002d0        0x4 bin/obj/usb_cdc.o
 .bss.bGenericChanged
                0x00000000100002d4        0x1 bin/obj/usb_hid.o
 .bss.isConfigured
                0x00000000100002d5        0x1 bin/obj/usbd.o
 *fill*         0x00000000100002d6        0x2 
 .bss.sensorpoll_counter
                0x00000000100002d8        0x4 bin/obj/sensorpoll.o
                0x00000000100002d8                sensorpoll_counter
 .bss._lsm303accelInitialised
                0x00000000100002dc        0x1 bin/obj/lsm303accel.o
 *fill*         0x00000000100002dd        0x3 
 .bss._lsm303accelData
                0x00000000100002e0        0xc bin/obj/lsm303accel.o
 .bss._lsm303magData
                0x00000000100002ec        0xc bin/obj/lsm303mag.o
 .bss._lsm303magInitialised
                0x00000000100002f8        0x1 bin/obj/lsm303mag.o
 rt_*.o(COMMON)
 *(COMMON)
 *fill*         0x00000000100002f9        0x3 
 COMMON         0x00000000100002fc       0x94 bin/obj/i2c.o
                0x00000000100002fc                I2CReadLength
                0x0000000010000300                I2CSlaveBuffer
                0x0000000010000340                _I2cMode
                0x0000000010000344                I2CMasterBuffer
                0x0000000010000384                I2CRdIndex
                0x0000000010000388                I2CWriteLength
                0x000000001000038c                I2CWrIndex
 COMMON         0x0000000010000390       0x80 bin/obj/usb_cdc.o
                0x0000000010000390                ff_cdc_tx_buffer
                0x00000000100003d0                ff_cdc_rx_buffer
 COMMON         0x0000000010000410       0x40 bin/obj/usb_hid.o
                0x0000000010000410                hid_generic_report_in
 COMMON         0x0000000010000450        0x4 bin/obj/usbd.o
                0x0000000010000450                g_hUsb
 COMMON         0x0000000010000454      0x100 bin/obj/protocol.o
                0x0000000010000454                ff_prot_cmd_buffer
 bin/obj/usbd.o(COMMON)
 *(.heap)
                0x0000000010000554                __fixed_heap_end = .
 *(.stack)
                0x0000000010000554                . = ALIGN (0x4)
                0x0000000010000554                __bss_end = .
                0x0000000010000554                PROVIDE (end, .)
                0x0000000000004e58                __data_load_addr = LOADADDR (.data)

.data           0x0000000010000554       0xd4 load address 0x0000000000004e58
 FILL mask 0xff
                0x0000000010000554                __data_start = .
 *(.data*)
 .data.SystemCoreClock
                0x0000000010000554        0x4 bin/obj/system_LPC11Uxx.o
                0x0000000010000554                SystemCoreClock
 .data.USB_StringDescriptor
                0x0000000010000558       0x90 bin/obj/descriptors.o
                0x0000000010000558                USB_StringDescriptor
 .data.ff_cdc_tx
                0x00000000100005e8       0x10 bin/obj/usb_cdc.o
                0x00000000100005e8                ff_cdc_tx
 .data.ff_cdc_rx
                0x00000000100005f8       0x10 bin/obj/usb_cdc.o
                0x00000000100005f8                ff_cdc_rx
 .data.usb_RomDriver_buffer
                0x0000000010000608        0x4 bin/obj/usbd.o
                0x0000000010000608                usb_RomDriver_buffer
 .data._lsm303mag_Gauss_LSB_Z
                0x000000001000060c        0x4 bin/obj/lsm303mag.o
 .data._lsm303mag_Gauss_LSB_XY
                0x0000000010000610        0x4 bin/obj/lsm303mag.o
 .data._lsm303magGain
                0x0000000010000614        0x1 bin/obj/lsm303mag.o
 *fill*         0x0000000010000615        0x3 
 .data.ff_prot_cmd
                0x0000000010000618       0x10 bin/obj/protocol.o
                0x0000000010000618                ff_prot_cmd
                0x0000000010000628                . = ALIGN (0x4)
                0x0000000010000628                __data_end = .
                0x0000000010000628                PROVIDE (_pvHeapStart, .)
OUTPUT(bin/firmware.elf elf32-littlearm)

.igot.plt       0x0000000010000628        0x0 load address 0x0000000000004f2c
 .igot.plt      0x0000000000000000        0x0 bin/obj/startup_lpc11u_gnumake.o

.debug_info     0x0000000000000000    0x15690
 .debug_info    0x0000000000000000      0x1a7 bin/obj/startup_lpc11u_gnumake.o
 .debug_info    0x00000000000001a7      0x53d bin/obj/system_LPC11Uxx.o
 .debug_info    0x00000000000006e4      0x9a4 bin/obj/board_lpcxpresso11u68.o
 .debug_info    0x0000000000001088      0x637 bin/obj/adc.o
 .debug_info    0x00000000000016bf      0xa17 bin/obj/delay.o
 .debug_info    0x00000000000020d6      0x549 bin/obj/eeprom.o
 .debug_info    0x000000000000261f      0x78d bin/obj/fifo.o
 .debug_info    0x0000000000002dac      0xdce bin/obj/gpio.o
 .debug_info    0x0000000000003b7a      0xcd1 bin/obj/i2c.o
 .debug_info    0x000000000000484b      0x397 bin/obj/iap.o
 .debug_info    0x0000000000004be2      0xcbe bin/obj/stdio.o
 .debug_info    0x00000000000058a0      0x55b bin/obj/string.o
 .debug_info    0x0000000000005dfb      0xe5b bin/obj/spi_datalayer.o
 .debug_info    0x0000000000006c56      0xc71 bin/obj/ssp0_slave.o
 .debug_info    0x00000000000078c7      0xc34 bin/obj/ssp1_slave.o
 .debug_info    0x00000000000084fb      0xb1d bin/obj/timer32.o
 .debug_info    0x0000000000009018      0xdd5 bin/obj/uart.o
 .debug_info    0x0000000000009ded      0x2f5 bin/obj/uart_buf.o
 .debug_info    0x000000000000a0e2      0x801 bin/obj/descriptors.o
 .debug_info    0x000000000000a8e3     0x1c10 bin/obj/usb_cdc.o
 .debug_info    0x000000000000c4f3     0x1d7d bin/obj/usb_hid.o
 .debug_info    0x000000000000e270     0x2a06 bin/obj/usbd.o
 .debug_info    0x0000000000010c76      0x78e bin/obj/sensors.o
 .debug_info    0x0000000000011404      0x9e2 bin/obj/sensorpoll.o
 .debug_info    0x0000000000011de6      0xbbb bin/obj/lsm303accel.o
 .debug_info    0x00000000000129a1      0xc78 bin/obj/lsm303mag.o
 .debug_info    0x0000000000013619      0xa86 bin/obj/protocol.o
 .debug_info    0x000000000001409f      0x397 bin/obj/protocol_cmd_adc.o
 .debug_info    0x0000000000014436      0x42b bin/obj/protocol_cmd_eeprom.o
 .debug_info    0x0000000000014861      0x318 bin/obj/protocol_cmd_led.o
 .debug_info    0x0000000000014b79      0x708 bin/obj/protocol_cmd_sensors.o
 .debug_info    0x0000000000015281      0x40f bin/obj/protocol_cmd_sysinfo.o

.debug_abbrev   0x0000000000000000     0x40fb
 .debug_abbrev  0x0000000000000000       0xfd bin/obj/startup_lpc11u_gnumake.o
 .debug_abbrev  0x00000000000000fd      0x110 bin/obj/system_LPC11Uxx.o
 .debug_abbrev  0x000000000000020d      0x261 bin/obj/board_lpcxpresso11u68.o
 .debug_abbrev  0x000000000000046e      0x138 bin/obj/adc.o
 .debug_abbrev  0x00000000000005a6      0x23d bin/obj/delay.o
 .debug_abbrev  0x00000000000007e3      0x199 bin/obj/eeprom.o
 .debug_abbrev  0x000000000000097c      0x281 bin/obj/fifo.o
 .debug_abbrev  0x0000000000000bfd      0x265 bin/obj/gpio.o
 .debug_abbrev  0x0000000000000e62      0x24f bin/obj/i2c.o
 .debug_abbrev  0x00000000000010b1      0x159 bin/obj/iap.o
 .debug_abbrev  0x000000000000120a      0x2b3 bin/obj/stdio.o
 .debug_abbrev  0x00000000000014bd      0x18a bin/obj/string.o
 .debug_abbrev  0x0000000000001647      0x352 bin/obj/spi_datalayer.o
 .debug_abbrev  0x0000000000001999      0x242 bin/obj/ssp0_slave.o
 .debug_abbrev  0x0000000000001bdb      0x208 bin/obj/ssp1_slave.o
 .debug_abbrev  0x0000000000001de3      0x294 bin/obj/timer32.o
 .debug_abbrev  0x0000000000002077      0x29b bin/obj/uart.o
 .debug_abbrev  0x0000000000002312      0x125 bin/obj/uart_buf.o
 .debug_abbrev  0x0000000000002437       0xdc bin/obj/descriptors.o
 .debug_abbrev  0x0000000000002513      0x3c5 bin/obj/usb_cdc.o
 .debug_abbrev  0x00000000000028d8      0x31f bin/obj/usb_hid.o
 .debug_abbrev  0x0000000000002bf7      0x316 bin/obj/usbd.o
 .debug_abbrev  0x0000000000002f0d      0x193 bin/obj/sensors.o
 .debug_abbrev  0x00000000000030a0      0x239 bin/obj/sensorpoll.o
 .debug_abbrev  0x00000000000032d9      0x2ad bin/obj/lsm303accel.o
 .debug_abbrev  0x0000000000003586      0x2df bin/obj/lsm303mag.o
 .debug_abbrev  0x0000000000003865      0x216 bin/obj/protocol.o
 .debug_abbrev  0x0000000000003a7b      0x148 bin/obj/protocol_cmd_adc.o
 .debug_abbrev  0x0000000000003bc3      0x13e bin/obj/protocol_cmd_eeprom.o
 .debug_abbrev  0x0000000000003d01      0x103 bin/obj/protocol_cmd_led.o
 .debug_abbrev  0x0000000000003e04      0x184 bin/obj/protocol_cmd_sensors.o
 .debug_abbrev  0x0000000000003f88      0x173 bin/obj/protocol_cmd_sysinfo.o

.debug_loc      0x0000000000000000     0x54fb
 .debug_loc     0x0000000000000000       0xb1 bin/obj/startup_lpc11u_gnumake.o
 .debug_loc     0x00000000000000b1       0x57 bin/obj/system_LPC11Uxx.o
 .debug_loc     0x0000000000000108       0x5f bin/obj/board_lpcxpresso11u68.o
 .debug_loc     0x0000000000000167       0x31 bin/obj/adc.o
 .debug_loc     0x0000000000000198       0x4f bin/obj/delay.o
 .debug_loc     0x00000000000001e7      0x14c bin/obj/eeprom.o
 .debug_loc     0x0000000000000333      0x377 bin/obj/fifo.o
 .debug_loc     0x00000000000006aa      0x6a4 bin/obj/gpio.o
 .debug_loc     0x0000000000000d4e       0xff bin/obj/i2c.o
 .debug_loc     0x0000000000000e4d       0x2c bin/obj/iap.o
 .debug_loc     0x0000000000000e79     0x1350 bin/obj/stdio.o
 .debug_loc     0x00000000000021c9      0x96f bin/obj/string.o
 .debug_loc     0x0000000000002b38      0x5c9 bin/obj/spi_datalayer.o
 .debug_loc     0x0000000000003101      0x158 bin/obj/ssp0_slave.o
 .debug_loc     0x0000000000003259      0x164 bin/obj/ssp1_slave.o
 .debug_loc     0x00000000000033bd      0x1cc bin/obj/timer32.o
 .debug_loc     0x0000000000003589      0x124 bin/obj/uart.o
 .debug_loc     0x00000000000036ad       0xd9 bin/obj/uart_buf.o
 .debug_loc     0x0000000000003786      0x512 bin/obj/usb_cdc.o
 .debug_loc     0x0000000000003c98      0x6db bin/obj/usb_hid.o
 .debug_loc     0x0000000000004373      0x100 bin/obj/usbd.o
 .debug_loc     0x0000000000004473      0x28c bin/obj/sensors.o
 .debug_loc     0x00000000000046ff      0x398 bin/obj/lsm303accel.o
 .debug_loc     0x0000000000004a97      0x416 bin/obj/lsm303mag.o
 .debug_loc     0x0000000000004ead      0x102 bin/obj/protocol.o
 .debug_loc     0x0000000000004faf       0x8d bin/obj/protocol_cmd_adc.o
 .debug_loc     0x000000000000503c      0x2b6 bin/obj/protocol_cmd_eeprom.o
 .debug_loc     0x00000000000052f2       0x63 bin/obj/protocol_cmd_led.o
 .debug_loc     0x0000000000005355       0xba bin/obj/protocol_cmd_sensors.o
 .debug_loc     0x000000000000540f       0xec bin/obj/protocol_cmd_sysinfo.o

.debug_aranges  0x0000000000000000      0x8f0
 .debug_aranges
                0x0000000000000000       0x50 bin/obj/startup_lpc11u_gnumake.o
 .debug_aranges
                0x0000000000000050       0x28 bin/obj/system_LPC11Uxx.o
 .debug_aranges
                0x0000000000000078       0x40 bin/obj/board_lpcxpresso11u68.o
 .debug_aranges
                0x00000000000000b8       0x28 bin/obj/adc.o
 .debug_aranges
                0x00000000000000e0       0x48 bin/obj/delay.o
 .debug_aranges
                0x0000000000000128       0x30 bin/obj/eeprom.o
 .debug_aranges
                0x0000000000000158       0x40 bin/obj/fifo.o
 .debug_aranges
                0x0000000000000198       0x68 bin/obj/gpio.o
 .debug_aranges
                0x0000000000000200       0x38 bin/obj/i2c.o
 .debug_aranges
                0x0000000000000238       0x20 bin/obj/iap.o
 .debug_aranges
                0x0000000000000258       0x88 bin/obj/stdio.o
 .debug_aranges
                0x00000000000002e0       0x80 bin/obj/string.o
 .debug_aranges
                0x0000000000000360       0xd0 bin/obj/spi_datalayer.o
 .debug_aranges
                0x0000000000000430       0x58 bin/obj/ssp0_slave.o
 .debug_aranges
                0x0000000000000488       0x48 bin/obj/ssp1_slave.o
 .debug_aranges
                0x00000000000004d0       0x68 bin/obj/timer32.o
 .debug_aranges
                0x0000000000000538       0x40 bin/obj/uart.o
 .debug_aranges
                0x0000000000000578       0x48 bin/obj/uart_buf.o
 .debug_aranges
                0x00000000000005c0       0x18 bin/obj/descriptors.o
 .debug_aranges
                0x00000000000005d8       0x78 bin/obj/usb_cdc.o
 .debug_aranges
                0x0000000000000650       0x50 bin/obj/usb_hid.o
 .debug_aranges
                0x00000000000006a0       0x40 bin/obj/usbd.o
 .debug_aranges
                0x00000000000006e0       0x38 bin/obj/sensors.o
 .debug_aranges
                0x0000000000000718       0x48 bin/obj/sensorpoll.o
 .debug_aranges
                0x0000000000000760       0x58 bin/obj/lsm303accel.o
 .debug_aranges
                0x00000000000007b8       0x60 bin/obj/lsm303mag.o
 .debug_aranges
                0x0000000000000818       0x30 bin/obj/protocol.o
 .debug_aranges
                0x0000000000000848       0x20 bin/obj/protocol_cmd_adc.o
 .debug_aranges
                0x0000000000000868       0x28 bin/obj/protocol_cmd_eeprom.o
 .debug_aranges
                0x0000000000000890       0x20 bin/obj/protocol_cmd_led.o
 .debug_aranges
                0x00000000000008b0       0x20 bin/obj/protocol_cmd_sensors.o
 .debug_aranges
                0x00000000000008d0       0x20 bin/obj/protocol_cmd_sysinfo.o

.debug_ranges   0x0000000000000000      0x998
 .debug_ranges  0x0000000000000000       0x40 bin/obj/startup_lpc11u_gnumake.o
 .debug_ranges  0x0000000000000040       0x18 bin/obj/system_LPC11Uxx.o
 .debug_ranges  0x0000000000000058       0x48 bin/obj/board_lpcxpresso11u68.o
 .debug_ranges  0x00000000000000a0       0x18 bin/obj/adc.o
 .debug_ranges  0x00000000000000b8       0x68 bin/obj/delay.o
 .debug_ranges  0x0000000000000120       0x20 bin/obj/eeprom.o
 .debug_ranges  0x0000000000000140       0xa8 bin/obj/fifo.o
 .debug_ranges  0x00000000000001e8       0x70 bin/obj/gpio.o
 .debug_ranges  0x0000000000000258       0x40 bin/obj/i2c.o
 .debug_ranges  0x0000000000000298       0x10 bin/obj/iap.o
 .debug_ranges  0x00000000000002a8       0xa8 bin/obj/stdio.o
 .debug_ranges  0x0000000000000350       0x70 bin/obj/string.o
 .debug_ranges  0x00000000000003c0       0xd8 bin/obj/spi_datalayer.o
 .debug_ranges  0x0000000000000498       0x48 bin/obj/ssp0_slave.o
 .debug_ranges  0x00000000000004e0       0x38 bin/obj/ssp1_slave.o
 .debug_ranges  0x0000000000000518       0x70 bin/obj/timer32.o
 .debug_ranges  0x0000000000000588       0x60 bin/obj/uart.o
 .debug_ranges  0x00000000000005e8       0x38 bin/obj/uart_buf.o
 .debug_ranges  0x0000000000000620       0x68 bin/obj/usb_cdc.o
 .debug_ranges  0x0000000000000688       0x40 bin/obj/usb_hid.o
 .debug_ranges  0x00000000000006c8       0x50 bin/obj/usbd.o
 .debug_ranges  0x0000000000000718       0x28 bin/obj/sensors.o
 .debug_ranges  0x0000000000000740       0x58 bin/obj/sensorpoll.o
 .debug_ranges  0x0000000000000798       0xa8 bin/obj/lsm303accel.o
 .debug_ranges  0x0000000000000840       0xb0 bin/obj/lsm303mag.o
 .debug_ranges  0x00000000000008f0       0x38 bin/obj/protocol.o
 .debug_ranges  0x0000000000000928       0x10 bin/obj/protocol_cmd_adc.o
 .debug_ranges  0x0000000000000938       0x18 bin/obj/protocol_cmd_eeprom.o
 .debug_ranges  0x0000000000000950       0x10 bin/obj/protocol_cmd_led.o
 .debug_ranges  0x0000000000000960       0x28 bin/obj/protocol_cmd_sensors.o
 .debug_ranges  0x0000000000000988       0x10 bin/obj/protocol_cmd_sysinfo.o

.debug_line     0x0000000000000000     0x4112
 .debug_line    0x0000000000000000       0x85 bin/obj/startup_lpc11u_gnumake.o
 .debug_line    0x0000000000000085      0x13e bin/obj/system_LPC11Uxx.o
 .debug_line    0x00000000000001c3      0x204 bin/obj/board_lpcxpresso11u68.o
 .debug_line    0x00000000000003c7       0xf5 bin/obj/adc.o
 .debug_line    0x00000000000004bc      0x1a9 bin/obj/delay.o
 .debug_line    0x0000000000000665      0x195 bin/obj/eeprom.o
 .debug_line    0x00000000000007fa      0x28c bin/obj/fifo.o
 .debug_line    0x0000000000000a86      0x24b bin/obj/gpio.o
 .debug_line    0x0000000000000cd1      0x1a0 bin/obj/i2c.o
 .debug_line    0x0000000000000e71      0x160 bin/obj/iap.o
 .debug_line    0x0000000000000fd1      0x3c8 bin/obj/stdio.o
 .debug_line    0x0000000000001399      0x295 bin/obj/string.o
 .debug_line    0x000000000000162e      0x420 bin/obj/spi_datalayer.o
 .debug_line    0x0000000000001a4e      0x1bb bin/obj/ssp0_slave.o
 .debug_line    0x0000000000001c09      0x19f bin/obj/ssp1_slave.o
 .debug_line    0x0000000000001da8      0x234 bin/obj/timer32.o
 .debug_line    0x0000000000001fdc      0x223 bin/obj/uart.o
 .debug_line    0x00000000000021ff      0x1b0 bin/obj/uart_buf.o
 .debug_line    0x00000000000023af       0xfd bin/obj/descriptors.o
 .debug_line    0x00000000000024ac      0x370 bin/obj/usb_cdc.o
 .debug_line    0x000000000000281c      0x309 bin/obj/usb_hid.o
 .debug_line    0x0000000000002b25      0x36e bin/obj/usbd.o
 .debug_line    0x0000000000002e93      0x1a2 bin/obj/sensors.o
 .debug_line    0x0000000000003035      0x17e bin/obj/sensorpoll.o
 .debug_line    0x00000000000031b3      0x2cc bin/obj/lsm303accel.o
 .debug_line    0x000000000000347f      0x2f8 bin/obj/lsm303mag.o
 .debug_line    0x0000000000003777      0x1aa bin/obj/protocol.o
 .debug_line    0x0000000000003921      0x183 bin/obj/protocol_cmd_adc.o
 .debug_line    0x0000000000003aa4      0x13b bin/obj/protocol_cmd_eeprom.o
 .debug_line    0x0000000000003bdf      0x107 bin/obj/protocol_cmd_led.o
 .debug_line    0x0000000000003ce6      0x239 bin/obj/protocol_cmd_sensors.o
 .debug_line    0x0000000000003f1f      0x1f3 bin/obj/protocol_cmd_sysinfo.o

.debug_str      0x0000000000000000     0x51d2
 .debug_str     0x0000000000000000      0x248 bin/obj/startup_lpc11u_gnumake.o
                                        0x27c (size before relaxing)
 .debug_str     0x0000000000000248      0x2b9 bin/obj/system_LPC11Uxx.o
                                        0x456 (size before relaxing)
 .debug_str     0x0000000000000501      0x8cf bin/obj/board_lpcxpresso11u68.o
                                        0xaf2 (size before relaxing)
 .debug_str     0x0000000000000dd0       0x40 bin/obj/adc.o
                                        0x476 (size before relaxing)
 .debug_str     0x0000000000000e10      0x332 bin/obj/delay.o
                                        0x77e (size before relaxing)
 .debug_str     0x0000000000001142      0x655 bin/obj/eeprom.o
                                        0x829 (size before relaxing)
 .debug_str     0x0000000000001797      0x10c bin/obj/fifo.o
                                        0x54e (size before relaxing)
 .debug_str     0x00000000000018a3      0x171 bin/obj/gpio.o
                                        0x81f (size before relaxing)
 .debug_str     0x0000000000001a14      0x14c bin/obj/i2c.o
                                        0x9bd (size before relaxing)
 .debug_str     0x0000000000001b60       0x25 bin/obj/iap.o
                                        0x7c4 (size before relaxing)
 .debug_str     0x0000000000001b85       0xfe bin/obj/stdio.o
                                        0x2e9 (size before relaxing)
 .debug_str     0x0000000000001c83      0x108 bin/obj/string.o
                                        0x2d7 (size before relaxing)
 .debug_str     0x0000000000001d8b      0x5f7 bin/obj/spi_datalayer.o
                                        0x9c3 (size before relaxing)
 .debug_str     0x0000000000002382      0x11b bin/obj/ssp0_slave.o
                                        0x9b1 (size before relaxing)
 .debug_str     0x000000000000249d       0xc6 bin/obj/ssp1_slave.o
                                        0x965 (size before relaxing)
 .debug_str     0x0000000000002563       0xe8 bin/obj/timer32.o
                                        0x785 (size before relaxing)
 .debug_str     0x000000000000264b      0x143 bin/obj/uart.o
                                        0x9ef (size before relaxing)
 .debug_str     0x000000000000278e       0x75 bin/obj/uart_buf.o
                                        0x2e6 (size before relaxing)
 .debug_str     0x0000000000002803      0x89d bin/obj/descriptors.o
                                        0xba8 (size before relaxing)
 .debug_str     0x00000000000030a0      0xa56 bin/obj/usb_cdc.o
                                       0x16b9 (size before relaxing)
 .debug_str     0x0000000000003af6      0x31e bin/obj/usb_hid.o
                                       0x1618 (size before relaxing)
 .debug_str     0x0000000000003e14       0x7a bin/obj/usbd.o
                                       0x2632 (size before relaxing)
 .debug_str     0x0000000000003e8e      0x1b6 bin/obj/sensors.o
                                        0x3be (size before relaxing)
 .debug_str     0x0000000000004044       0xb5 bin/obj/sensorpoll.o
                                        0x786 (size before relaxing)
 .debug_str     0x00000000000040f9      0x65c bin/obj/lsm303accel.o
                                        0xfbf (size before relaxing)
 .debug_str     0x0000000000004755      0x3bd bin/obj/lsm303mag.o
                                        0xe38 (size before relaxing)
 .debug_str     0x0000000000004b12      0x227 bin/obj/protocol.o
                                       0x1282 (size before relaxing)
 .debug_str     0x0000000000004d39       0x53 bin/obj/protocol_cmd_adc.o
                                        0x82e (size before relaxing)
 .debug_str     0x0000000000004d8c       0x61 bin/obj/protocol_cmd_eeprom.o
                                        0x85a (size before relaxing)
 .debug_str     0x0000000000004ded       0x35 bin/obj/protocol_cmd_led.o
                                        0x808 (size before relaxing)
 .debug_str     0x0000000000004e22      0x264 bin/obj/protocol_cmd_sensors.o
                                        0xbb4 (size before relaxing)
 .debug_str     0x0000000000005086      0x14c bin/obj/protocol_cmd_sysinfo.o
                                        0x94e (size before relaxing)

.comment        0x0000000000000000       0x70
 .comment       0x0000000000000000       0x70 bin/obj/startup_lpc11u_gnumake.o
                                         0x71 (size before relaxing)
 .comment       0x0000000000000000       0x71 bin/obj/system_LPC11Uxx.o
 .comment       0x0000000000000000       0x71 bin/obj/board_lpcxpresso11u68.o
 .comment       0x0000000000000000       0x71 bin/obj/adc.o
 .comment       0x0000000000000000       0x71 bin/obj/delay.o
 .comment       0x0000000000000000       0x71 bin/obj/eeprom.o
 .comment       0x0000000000000000       0x71 bin/obj/fifo.o
 .comment       0x0000000000000000       0x71 bin/obj/gpio.o
 .comment       0x0000000000000000       0x71 bin/obj/i2c.o
 .comment       0x0000000000000000       0x71 bin/obj/iap.o
 .comment       0x0000000000000000       0x71 bin/obj/stdio.o
 .comment       0x0000000000000000       0x71 bin/obj/string.o
 .comment       0x0000000000000000       0x71 bin/obj/spi_datalayer.o
 .comment       0x0000000000000000       0x71 bin/obj/ssp0_slave.o
 .comment       0x0000000000000000       0x71 bin/obj/ssp1_slave.o
 .comment       0x0000000000000000       0x71 bin/obj/timer32.o
 .comment       0x0000000000000000       0x71 bin/obj/uart.o
 .comment       0x0000000000000000       0x71 bin/obj/uart_buf.o
 .comment       0x0000000000000000       0x71 bin/obj/descriptors.o
 .comment       0x0000000000000000       0x71 bin/obj/usb_cdc.o
 .comment       0x0000000000000000       0x71 bin/obj/usb_hid.o
 .comment       0x0000000000000000       0x71 bin/obj/usbd.o
 .comment       0x0000000000000000       0x71 bin/obj/sensors.o
 .comment       0x0000000000000000       0x71 bin/obj/sensorpoll.o
 .comment       0x0000000000000000       0x71 bin/obj/lsm303accel.o
 .comment       0x0000000000000000       0x71 bin/obj/lsm303mag.o
 .comment       0x0000000000000000       0x71 bin/obj/protocol.o
 .comment       0x0000000000000000       0x71 bin/obj/protocol_cmd_adc.o
 .comment       0x0000000000000000       0x71 bin/obj/protocol_cmd_eeprom.o
 .comment       0x0000000000000000       0x71 bin/obj/protocol_cmd_led.o
 .comment       0x0000000000000000       0x71 bin/obj/protocol_cmd_sensors.o
 .comment       0x0000000000000000       0x71 bin/obj/protocol_cmd_sysinfo.o

.ARM.attributes
                0x0000000000000000       0x31
 .ARM.attributes
                0x0000000000000000       0x31 bin/obj/startup_lpc11u_gnumake.o
 .ARM.attributes
                0x0000000000000031       0x31 bin/obj/system_LPC11Uxx.o
 .ARM.attributes
                0x0000000000000062       0x31 bin/obj/board_lpcxpresso11u68.o
 .ARM.attributes
                0x0000000000000093       0x31 bin/obj/adc.o
 .ARM.attributes
                0x00000000000000c4       0x31 bin/obj/delay.o
 .ARM.attributes
                0x00000000000000f5       0x31 bin/obj/eeprom.o
 .ARM.attributes
                0x0000000000000126       0x31 bin/obj/fifo.o
 .ARM.attributes
                0x0000000000000157       0x31 bin/obj/gpio.o
 .ARM.attributes
                0x0000000000000188       0x31 bin/obj/i2c.o
 .ARM.attributes
                0x00000000000001b9       0x31 bin/obj/iap.o
 .ARM.attributes
                0x00000000000001ea       0x31 bin/obj/stdio.o
 .ARM.attributes
                0x000000000000021b       0x31 bin/obj/string.o
 .ARM.attributes
                0x000000000000024c       0x31 bin/obj/spi_datalayer.o
 .ARM.attributes
                0x000000000000027d       0x31 bin/obj/ssp0_slave.o
 .ARM.attributes
                0x00000000000002ae       0x31 bin/obj/ssp1_slave.o
 .ARM.attributes
                0x00000000000002df       0x31 bin/obj/timer32.o
 .ARM.attributes
                0x0000000000000310       0x31 bin/obj/uart.o
 .ARM.attributes
                0x0000000000000341       0x31 bin/obj/uart_buf.o
 .ARM.attributes
                0x0000000000000372       0x31 bin/obj/descriptors.o
 .ARM.attributes
                0x00000000000003a3       0x31 bin/obj/usb_cdc.o
 .ARM.attributes
                0x00000000000003d4       0x31 bin/obj/usb_hid.o
 .ARM.attributes
                0x0000000000000405       0x31 bin/obj/usbd.o
 .ARM.attributes
                0x0000000000000436       0x31 bin/obj/sensors.o
 .ARM.attributes
                0x0000000000000467       0x31 bin/obj/sensorpoll.o
 .ARM.attributes
                0x0000000000000498       0x31 bin/obj/lsm303accel.o
 .ARM.attributes
                0x00000000000004c9       0x31 bin/obj/lsm303mag.o
 .ARM.attributes
                0x00000000000004fa       0x31 bin/obj/protocol.o
 .ARM.attributes
                0x000000000000052b       0x31 bin/obj/protocol_cmd_adc.o
 .ARM.attributes
                0x000000000000055c       0x31 bin/obj/protocol_cmd_eeprom.o
 .ARM.attributes
                0x000000000000058d       0x31 bin/obj/protocol_cmd_led.o
 .ARM.attributes
                0x00000000000005be       0x31 bin/obj/protocol_cmd_sensors.o
 .ARM.attributes
                0x00000000000005ef       0x31 bin/obj/protocol_cmd_sysinfo.o
 .ARM.attributes
                0x0000000000000620       0x1e /Users/kevintownsend/Downloads/gcc-arm-none-eabi-4_8-2013q4/bin/../lib/gcc/arm-none-eabi/4.8.3/armv6-m/libgcc.a(_thumb1_case_uqi.o)
 .ARM.attributes
                0x000000000000063e       0x1e /Users/kevintownsend/Downloads/gcc-arm-none-eabi-4_8-2013q4/bin/../lib/gcc/arm-none-eabi/4.8.3/armv6-m/libgcc.a(_udivsi3.o)
 .ARM.attributes
                0x000000000000065c       0x1e /Users/kevintownsend/Downloads/gcc-arm-none-eabi-4_8-2013q4/bin/../lib/gcc/arm-none-eabi/4.8.3/armv6-m/libgcc.a(_divsi3.o)
 .ARM.attributes
                0x000000000000067a       0x1e /Users/kevintownsend/Downloads/gcc-arm-none-eabi-4_8-2013q4/bin/../lib/gcc/arm-none-eabi/4.8.3/armv6-m/libgcc.a(_dvmd_tls.o)
 .ARM.attributes
                0x0000000000000698       0x1e /Users/kevintownsend/Downloads/gcc-arm-none-eabi-4_8-2013q4/bin/../lib/gcc/arm-none-eabi/4.8.3/armv6-m/libgcc.a(_arm_cmpdf2.o)
 .ARM.attributes
                0x00000000000006b6       0x2c /Users/kevintownsend/Downloads/gcc-arm-none-eabi-4_8-2013q4/bin/../lib/gcc/arm-none-eabi/4.8.3/armv6-m/libgcc.a(divsf3.o)
 .ARM.attributes
                0x00000000000006e2       0x2c /Users/kevintownsend/Downloads/gcc-arm-none-eabi-4_8-2013q4/bin/../lib/gcc/arm-none-eabi/4.8.3/armv6-m/libgcc.a(mulsf3.o)
 .ARM.attributes
                0x000000000000070e       0x2c /Users/kevintownsend/Downloads/gcc-arm-none-eabi-4_8-2013q4/bin/../lib/gcc/arm-none-eabi/4.8.3/armv6-m/libgcc.a(floatsisf.o)
 .ARM.attributes
                0x000000000000073a       0x2c /Users/kevintownsend/Downloads/gcc-arm-none-eabi-4_8-2013q4/bin/../lib/gcc/arm-none-eabi/4.8.3/armv6-m/libgcc.a(adddf3.o)
 .ARM.attributes
                0x0000000000000766       0x2c /Users/kevintownsend/Downloads/gcc-arm-none-eabi-4_8-2013q4/bin/../lib/gcc/arm-none-eabi/4.8.3/armv6-m/libgcc.a(divdf3.o)
 .ARM.attributes
                0x0000000000000792       0x2c /Users/kevintownsend/Downloads/gcc-arm-none-eabi-4_8-2013q4/bin/../lib/gcc/arm-none-eabi/4.8.3/armv6-m/libgcc.a(eqdf2.o)
 .ARM.attributes
                0x00000000000007be       0x2c /Users/kevintownsend/Downloads/gcc-arm-none-eabi-4_8-2013q4/bin/../lib/gcc/arm-none-eabi/4.8.3/armv6-m/libgcc.a(gedf2.o)
 .ARM.attributes
                0x00000000000007ea       0x2c /Users/kevintownsend/Downloads/gcc-arm-none-eabi-4_8-2013q4/bin/../lib/gcc/arm-none-eabi/4.8.3/armv6-m/libgcc.a(ledf2.o)
 .ARM.attributes
                0x0000000000000816       0x2c /Users/kevintownsend/Downloads/gcc-arm-none-eabi-4_8-2013q4/bin/../lib/gcc/arm-none-eabi/4.8.3/armv6-m/libgcc.a(muldf3.o)
 .ARM.attributes
                0x0000000000000842       0x2c /Users/kevintownsend/Downloads/gcc-arm-none-eabi-4_8-2013q4/bin/../lib/gcc/arm-none-eabi/4.8.3/armv6-m/libgcc.a(subdf3.o)
 .ARM.attributes
                0x000000000000086e       0x2c /Users/kevintownsend/Downloads/gcc-arm-none-eabi-4_8-2013q4/bin/../lib/gcc/arm-none-eabi/4.8.3/armv6-m/libgcc.a(fixdfsi.o)
 .ARM.attributes
                0x000000000000089a       0x2c /Users/kevintownsend/Downloads/gcc-arm-none-eabi-4_8-2013q4/bin/../lib/gcc/arm-none-eabi/4.8.3/armv6-m/libgcc.a(floatsidf.o)
 .ARM.attributes
                0x00000000000008c6       0x1e /Users/kevintownsend/Downloads/gcc-arm-none-eabi-4_8-2013q4/bin/../lib/gcc/arm-none-eabi/4.8.3/armv6-m/libgcc.a(_clzsi2.o)
 .ARM.attributes
                0x00000000000008e4       0x2c /Users/kevintownsend/Downloads/gcc-arm-none-eabi-4_8-2013q4/bin/../lib/gcc/arm-none-eabi/4.8.3/armv6-m/libgcc.a(_divdi3.o)
 .ARM.attributes
                0x0000000000000910       0x2c /Users/kevintownsend/Downloads/gcc-arm-none-eabi-4_8-2013q4/bin/../lib/gcc/arm-none-eabi/4.8.3/armv6-m/libgcc.a(_udivdi3.o)

.debug_frame    0x0000000000000000     0x177c
 .debug_frame   0x0000000000000000       0x88 bin/obj/startup_lpc11u_gnumake.o
 .debug_frame   0x0000000000000088       0x4c bin/obj/system_LPC11Uxx.o
 .debug_frame   0x00000000000000d4       0x78 bin/obj/board_lpcxpresso11u68.o
 .debug_frame   0x000000000000014c       0x38 bin/obj/adc.o
 .debug_frame   0x0000000000000184       0x90 bin/obj/delay.o
 .debug_frame   0x0000000000000214       0x60 bin/obj/eeprom.o
 .debug_frame   0x0000000000000274       0xa0 bin/obj/fifo.o
 .debug_frame   0x0000000000000314       0xec bin/obj/gpio.o
 .debug_frame   0x0000000000000400       0x6c bin/obj/i2c.o
 .debug_frame   0x000000000000046c       0x2c bin/obj/iap.o
 .debug_frame   0x0000000000000498      0x1bc bin/obj/stdio.o
 .debug_frame   0x0000000000000654      0x144 bin/obj/string.o
 .debug_frame   0x0000000000000798      0x220 bin/obj/spi_datalayer.o
 .debug_frame   0x00000000000009b8       0xbc bin/obj/ssp0_slave.o
 .debug_frame   0x0000000000000a74       0xa4 bin/obj/ssp1_slave.o
 .debug_frame   0x0000000000000b18       0xcc bin/obj/timer32.o
 .debug_frame   0x0000000000000be4       0x80 bin/obj/uart.o
 .debug_frame   0x0000000000000c64       0xa4 bin/obj/uart_buf.o
 .debug_frame   0x0000000000000d08      0x14c bin/obj/usb_cdc.o
 .debug_frame   0x0000000000000e54       0xd8 bin/obj/usb_hid.o
 .debug_frame   0x0000000000000f2c       0x84 bin/obj/usbd.o
 .debug_frame   0x0000000000000fb0       0x88 bin/obj/sensors.o
 .debug_frame   0x0000000000001038       0x80 bin/obj/sensorpoll.o
 .debug_frame   0x00000000000010b8       0xfc bin/obj/lsm303accel.o
 .debug_frame   0x00000000000011b4      0x118 bin/obj/lsm303mag.o
 .debug_frame   0x00000000000012cc       0x60 bin/obj/protocol.o
 .debug_frame   0x000000000000132c       0x30 bin/obj/protocol_cmd_adc.o
 .debug_frame   0x000000000000135c       0x48 bin/obj/protocol_cmd_eeprom.o
 .debug_frame   0x00000000000013a4       0x28 bin/obj/protocol_cmd_led.o
 .debug_frame   0x00000000000013cc       0x2c bin/obj/protocol_cmd_sensors.o
 .debug_frame   0x00000000000013f8       0x2c bin/obj/protocol_cmd_sysinfo.o
 .debug_frame   0x0000000000001424       0x20 /Users/kevintownsend/Downloads/gcc-arm-none-eabi-4_8-2013q4/bin/../lib/gcc/arm-none-eabi/4.8.3/armv6-m/libgcc.a(_udivsi3.o)
 .debug_frame   0x0000000000001444       0x20 /Users/kevintownsend/Downloads/gcc-arm-none-eabi-4_8-2013q4/bin/../lib/gcc/arm-none-eabi/4.8.3/armv6-m/libgcc.a(_divsi3.o)
 .debug_frame   0x0000000000001464       0x3c /Users/kevintownsend/Downloads/gcc-arm-none-eabi-4_8-2013q4/bin/../lib/gcc/arm-none-eabi/4.8.3/armv6-m/libgcc.a(divsf3.o)
 .debug_frame   0x00000000000014a0       0x3c /Users/kevintownsend/Downloads/gcc-arm-none-eabi-4_8-2013q4/bin/../lib/gcc/arm-none-eabi/4.8.3/armv6-m/libgcc.a(mulsf3.o)
 .debug_frame   0x00000000000014dc       0x2c /Users/kevintownsend/Downloads/gcc-arm-none-eabi-4_8-2013q4/bin/../lib/gcc/arm-none-eabi/4.8.3/armv6-m/libgcc.a(floatsisf.o)
 .debug_frame   0x0000000000001508       0x3c /Users/kevintownsend/Downloads/gcc-arm-none-eabi-4_8-2013q4/bin/../lib/gcc/arm-none-eabi/4.8.3/armv6-m/libgcc.a(adddf3.o)
 .debug_frame   0x0000000000001544       0x3c /Users/kevintownsend/Downloads/gcc-arm-none-eabi-4_8-2013q4/bin/../lib/gcc/arm-none-eabi/4.8.3/armv6-m/libgcc.a(divdf3.o)
 .debug_frame   0x0000000000001580       0x3c /Users/kevintownsend/Downloads/gcc-arm-none-eabi-4_8-2013q4/bin/../lib/gcc/arm-none-eabi/4.8.3/armv6-m/libgcc.a(eqdf2.o)
 .debug_frame   0x00000000000015bc       0x38 /Users/kevintownsend/Downloads/gcc-arm-none-eabi-4_8-2013q4/bin/../lib/gcc/arm-none-eabi/4.8.3/armv6-m/libgcc.a(gedf2.o)
 .debug_frame   0x00000000000015f4       0x3c /Users/kevintownsend/Downloads/gcc-arm-none-eabi-4_8-2013q4/bin/../lib/gcc/arm-none-eabi/4.8.3/armv6-m/libgcc.a(ledf2.o)
 .debug_frame   0x0000000000001630       0x3c /Users/kevintownsend/Downloads/gcc-arm-none-eabi-4_8-2013q4/bin/../lib/gcc/arm-none-eabi/4.8.3/armv6-m/libgcc.a(muldf3.o)
 .debug_frame   0x000000000000166c       0x3c /Users/kevintownsend/Downloads/gcc-arm-none-eabi-4_8-2013q4/bin/../lib/gcc/arm-none-eabi/4.8.3/armv6-m/libgcc.a(subdf3.o)
 .debug_frame   0x00000000000016a8       0x2c /Users/kevintownsend/Downloads/gcc-arm-none-eabi-4_8-2013q4/bin/../lib/gcc/arm-none-eabi/4.8.3/armv6-m/libgcc.a(fixdfsi.o)
 .debug_frame   0x00000000000016d4       0x30 /Users/kevintownsend/Downloads/gcc-arm-none-eabi-4_8-2013q4/bin/../lib/gcc/arm-none-eabi/4.8.3/armv6-m/libgcc.a(floatsidf.o)
 .debug_frame   0x0000000000001704       0x3c /Users/kevintownsend/Downloads/gcc-arm-none-eabi-4_8-2013q4/bin/../lib/gcc/arm-none-eabi/4.8.3/armv6-m/libgcc.a(_divdi3.o)
 .debug_frame   0x0000000000001740       0x3c /Users/kevintownsend/Downloads/gcc-arm-none-eabi-4_8-2013q4/bin/../lib/gcc/arm-none-eabi/4.8.3/armv6-m/libgcc.a(_udivdi3.o)
